// Jest Snapshot v1, https://goo.gl/fbAQLP

exports[`matches snapshot 1`] = `
<div>
  <div
    class="sc-bdvvtL gyDrNP"
  >
    text
  </div>
</div>
`;
